0 verbose cli /usr/bin/node /usr/bin/npm
1 info using npm@9.2.0
2 info using node@v18.19.1
3 timing npm:load:whichnode Completed in 1ms
4 timing config:load:defaults Completed in 1ms
5 timing config:load:file:/usr/share/nodejs/npm/npmrc Completed in 1ms
6 timing config:load:builtin Completed in 1ms
7 timing config:load:cli Completed in 2ms
8 timing config:load:env Completed in 0ms
9 timing config:load:file:/home/estedev/vim-portable/.config/coc/extensions/node_modules/coc-prettier-e7f272d9-1409-4163-b417-e225b213e111/.npmrc Completed in 0ms
10 timing config:load:project Completed in 3ms
11 timing config:load:file:/home/estedev/vim-portable/.npmrc Completed in 0ms
12 timing config:load:user Completed in 0ms
13 timing config:load:file:/etc/npmrc Completed in 0ms
14 timing config:load:global Completed in 0ms
15 timing config:load:setEnvs Completed in 1ms
16 timing config:load Completed in 8ms
17 timing npm:load:configload Completed in 8ms
18 timing npm:load:mkdirpcache Completed in 0ms
19 timing npm:load:mkdirplogs Completed in 1ms
20 verbose title npm install
21 verbose argv "install" "--ignore-scripts" "--no-package-lock" "--omit" "dev" "--legacy-peer-deps" "--no-global"
22 timing npm:load:setTitle Completed in 1ms
23 timing config:load:flatten Completed in 2ms
24 timing npm:load:display Completed in 3ms
25 verbose logfile logs-max:10 dir:/home/estedev/vim-portable/.npm/_logs/2026-02-04T18_26_38_115Z-
26 verbose logfile /home/estedev/vim-portable/.npm/_logs/2026-02-04T18_26_38_115Z-debug-0.log
27 timing npm:load:logFile Completed in 5ms
28 timing npm:load:timers Completed in 0ms
29 timing npm:load:configScope Completed in 0ms
30 timing npm:load Completed in 20ms
31 silly logfile done cleaning log files
32 timing config:load:flatten Completed in 0ms
33 timing arborist:ctor Completed in 0ms
34 timing arborist:ctor Completed in 0ms
35 timing idealTree:init Completed in 9ms
36 timing idealTree:userRequests Completed in 0ms
37 silly idealTree buildDeps
38 silly fetch manifest prettier@^3.1.1
39 http fetch GET 200 https://registry.npmjs.org/prettier 429ms (cache miss)
40 silly fetch manifest @chemzqm/tsconfig@^0.0.3
41 http fetch GET 200 https://registry.npmjs.org/@chemzqm%2ftsconfig 927ms (cache miss)
42 silly fetch manifest @types/node@^16.18
43 http fetch GET 200 https://registry.npmjs.org/@types%2fnode 298ms (cache revalidated)
44 silly fetch manifest @types/semver@^7.3.9
45 http fetch GET 200 https://registry.npmjs.org/@types%2fsemver 80ms (cache miss)
46 silly fetch manifest @types/prettier@^2.7.2
47 http fetch GET 200 https://registry.npmjs.org/@types%2fprettier 513ms (cache miss)
48 silly fetch manifest coc.nvim@0.0.83-next.19
49 http fetch GET 200 https://registry.npmjs.org/coc.nvim 219ms (cache revalidated)
50 silly fetch manifest esbuild@^0.25.0
51 http fetch GET 200 https://registry.npmjs.org/esbuild 271ms (cache revalidated)
52 silly fetch manifest find-up@^5.0.0
53 http fetch GET 200 https://registry.npmjs.org/find-up 44ms (cache miss)
54 silly fetch manifest ignore@^5.2.0
55 http fetch GET 200 https://registry.npmjs.org/ignore 95ms (cache miss)
56 silly fetch manifest resolve@^1.22.8
57 http fetch GET 200 https://registry.npmjs.org/resolve 254ms (cache miss)
58 silly fetch manifest rimraf@^3.0.2
59 http fetch GET 200 https://registry.npmjs.org/rimraf 334ms (cache miss)
60 silly fetch manifest semver@^7.6.3
61 http fetch GET 200 https://registry.npmjs.org/semver 181ms (cache revalidated)
62 silly fetch manifest typescript@^5.7.3
63 http fetch GET 200 https://registry.npmjs.org/typescript 70ms (cache revalidated)
64 silly placeDep ROOT @chemzqm/tsconfig@0.0.3 OK for: coc-prettier@11.0.1 want: ^0.0.3
65 silly placeDep ROOT @types/node@16.18.126 OK for: coc-prettier@11.0.1 want: ^16.18
66 silly placeDep ROOT @types/prettier@2.7.3 OK for: coc-prettier@11.0.1 want: ^2.7.2
67 silly placeDep ROOT @types/semver@7.7.1 OK for: coc-prettier@11.0.1 want: ^7.3.9
68 silly placeDep ROOT coc.nvim@0.0.83-next.19 OK for: coc-prettier@11.0.1 want: 0.0.83-next.19
69 silly placeDep ROOT esbuild@0.25.12 OK for: coc-prettier@11.0.1 want: ^0.25.0
70 silly placeDep ROOT find-up@5.0.0 OK for: coc-prettier@11.0.1 want: ^5.0.0
71 silly placeDep ROOT ignore@5.3.2 OK for: coc-prettier@11.0.1 want: ^5.2.0
72 silly placeDep ROOT prettier@3.8.1 OK for: coc-prettier@11.0.1 want: ^3.1.1
73 silly placeDep ROOT resolve@1.22.11 OK for: coc-prettier@11.0.1 want: ^1.22.8
74 silly placeDep ROOT rimraf@3.0.2 OK for: coc-prettier@11.0.1 want: ^3.0.2
75 silly placeDep ROOT semver@7.7.3 OK for: coc-prettier@11.0.1 want: ^7.6.3
76 silly placeDep ROOT typescript@5.9.3 OK for: coc-prettier@11.0.1 want: ^5.7.3
77 silly fetch manifest @esbuild/aix-ppc64@0.25.12
78 silly fetch manifest @esbuild/linux-arm@0.25.12
79 silly fetch manifest @esbuild/linux-x64@0.25.12
80 silly fetch manifest @esbuild/sunos-x64@0.25.12
81 silly fetch manifest @esbuild/win32-x64@0.25.12
82 silly fetch manifest @esbuild/darwin-x64@0.25.12
83 silly fetch manifest @esbuild/linux-ia32@0.25.12
84 silly fetch manifest @esbuild/netbsd-x64@0.25.12
85 silly fetch manifest @esbuild/win32-ia32@0.25.12
86 silly fetch manifest @esbuild/android-arm@0.25.12
87 silly fetch manifest @esbuild/android-x64@0.25.12
88 silly fetch manifest @esbuild/freebsd-x64@0.25.12
89 silly fetch manifest @esbuild/linux-arm64@0.25.12
90 silly fetch manifest @esbuild/linux-ppc64@0.25.12
91 silly fetch manifest @esbuild/linux-s390x@0.25.12
92 silly fetch manifest @esbuild/openbsd-x64@0.25.12
93 silly fetch manifest @esbuild/win32-arm64@0.25.12
94 silly fetch manifest @esbuild/darwin-arm64@0.25.12
95 silly fetch manifest @esbuild/netbsd-arm64@0.25.12
96 silly fetch manifest @esbuild/android-arm64@0.25.12
97 silly fetch manifest @esbuild/freebsd-arm64@0.25.12
98 silly fetch manifest @esbuild/linux-loong64@0.25.12
99 silly fetch manifest @esbuild/linux-riscv64@0.25.12
100 silly fetch manifest @esbuild/openbsd-arm64@0.25.12
101 silly fetch manifest @esbuild/linux-mips64el@0.25.12
102 silly fetch manifest @esbuild/openharmony-arm64@0.25.12
103 silly fetch manifest locate-path@^6.0.0
104 silly fetch manifest path-exists@^4.0.0
105 silly fetch manifest is-core-module@^2.16.1
106 silly fetch manifest path-parse@^1.0.7
107 silly fetch manifest supports-preserve-symlinks-flag@^1.0.0
108 silly fetch manifest glob@^7.1.3
109 http fetch GET 200 https://registry.npmjs.org/locate-path 75ms (cache miss)
110 http fetch GET 200 https://registry.npmjs.org/path-parse 111ms (cache miss)
111 http fetch GET 200 https://registry.npmjs.org/@esbuild%2fnetbsd-x64 141ms (cache revalidated)
112 http fetch GET 200 https://registry.npmjs.org/@esbuild%2flinux-ia32 142ms (cache revalidated)
113 http fetch GET 200 https://registry.npmjs.org/@esbuild%2flinux-x64 145ms (cache revalidated)
114 http fetch GET 200 https://registry.npmjs.org/@esbuild%2faix-ppc64 147ms (cache revalidated)
115 http fetch GET 200 https://registry.npmjs.org/@esbuild%2fsunos-x64 147ms (cache revalidated)
116 http fetch GET 200 https://registry.npmjs.org/is-core-module 135ms (cache miss)
117 http fetch GET 200 https://registry.npmjs.org/@esbuild%2fdarwin-x64 152ms (cache revalidated)
118 http fetch GET 200 https://registry.npmjs.org/glob 167ms (cache miss)
119 http fetch GET 200 https://registry.npmjs.org/@esbuild%2fandroid-x64 196ms (cache revalidated)
120 http fetch GET 200 https://registry.npmjs.org/@esbuild%2flinux-ppc64 196ms (cache revalidated)
121 http fetch GET 200 https://registry.npmjs.org/@esbuild%2ffreebsd-x64 203ms (cache revalidated)
122 http fetch GET 200 https://registry.npmjs.org/@esbuild%2fandroid-arm64 197ms (cache revalidated)
123 http fetch GET 200 https://registry.npmjs.org/@esbuild%2fwin32-arm64 203ms (cache revalidated)
124 http fetch GET 200 https://registry.npmjs.org/@esbuild%2flinux-arm64 210ms (cache revalidated)
125 http fetch GET 200 https://registry.npmjs.org/@esbuild%2fnetbsd-arm64 237ms (cache revalidated)
126 http fetch GET 200 https://registry.npmjs.org/@esbuild%2ffreebsd-arm64 242ms (cache revalidated)
127 http fetch GET 200 https://registry.npmjs.org/@esbuild%2flinux-riscv64 243ms (cache revalidated)
128 http fetch GET 200 https://registry.npmjs.org/@esbuild%2flinux-loong64 245ms (cache revalidated)
129 http fetch GET 200 https://registry.npmjs.org/@esbuild%2fopenbsd-arm64 250ms (cache revalidated)
130 http fetch GET 200 https://registry.npmjs.org/@esbuild%2flinux-mips64el 252ms (cache revalidated)
131 http fetch GET 200 https://registry.npmjs.org/@esbuild%2fandroid-arm 305ms (cache revalidated)
132 http fetch GET 200 https://registry.npmjs.org/@esbuild%2flinux-s390x 356ms (cache revalidated)
133 http fetch GET 200 https://registry.npmjs.org/@esbuild%2fdarwin-arm64 368ms (cache revalidated)
134 http fetch GET 200 https://registry.npmjs.org/@esbuild%2fwin32-ia32 422ms (cache revalidated)
135 http fetch GET 200 https://registry.npmjs.org/@esbuild%2fopenharmony-arm64 413ms (cache revalidated)
136 http fetch GET 200 https://registry.npmjs.org/path-exists 582ms (cache miss)
137 http fetch GET 200 https://registry.npmjs.org/@esbuild%2fopenbsd-x64 603ms (cache revalidated)
138 http fetch GET 200 https://registry.npmjs.org/@esbuild%2flinux-arm 1164ms (cache revalidated)
139 http fetch GET 200 https://registry.npmjs.org/supports-preserve-symlinks-flag 1383ms (cache miss)
140 http fetch GET 200 https://registry.npmjs.org/@esbuild%2fwin32-x64 2228ms (cache revalidated)
141 timing idealTree:#root Completed in 6041ms
142 timing idealTree:node_modules/@chemzqm/tsconfig Completed in 0ms
143 timing idealTree:node_modules/@types/node Completed in 0ms
144 timing idealTree:node_modules/@types/prettier Completed in 0ms
145 timing idealTree:node_modules/@types/semver Completed in 0ms
146 timing idealTree:node_modules/coc.nvim Completed in 0ms
147 silly placeDep ROOT @esbuild/aix-ppc64@0.25.12 OK for: esbuild@0.25.12 want: 0.25.12
148 silly placeDep ROOT @esbuild/android-arm@0.25.12 OK for: esbuild@0.25.12 want: 0.25.12
149 silly placeDep ROOT @esbuild/android-arm64@0.25.12 OK for: esbuild@0.25.12 want: 0.25.12
150 silly placeDep ROOT @esbuild/android-x64@0.25.12 OK for: esbuild@0.25.12 want: 0.25.12
151 silly placeDep ROOT @esbuild/darwin-arm64@0.25.12 OK for: esbuild@0.25.12 want: 0.25.12
152 silly placeDep ROOT @esbuild/darwin-x64@0.25.12 OK for: esbuild@0.25.12 want: 0.25.12
153 silly placeDep ROOT @esbuild/freebsd-arm64@0.25.12 OK for: esbuild@0.25.12 want: 0.25.12
154 silly placeDep ROOT @esbuild/freebsd-x64@0.25.12 OK for: esbuild@0.25.12 want: 0.25.12
155 silly placeDep ROOT @esbuild/linux-arm@0.25.12 OK for: esbuild@0.25.12 want: 0.25.12
156 silly placeDep ROOT @esbuild/linux-arm64@0.25.12 OK for: esbuild@0.25.12 want: 0.25.12
157 silly placeDep ROOT @esbuild/linux-ia32@0.25.12 OK for: esbuild@0.25.12 want: 0.25.12
158 silly placeDep ROOT @esbuild/linux-loong64@0.25.12 OK for: esbuild@0.25.12 want: 0.25.12
159 silly placeDep ROOT @esbuild/linux-mips64el@0.25.12 OK for: esbuild@0.25.12 want: 0.25.12
160 silly placeDep ROOT @esbuild/linux-ppc64@0.25.12 OK for: esbuild@0.25.12 want: 0.25.12
161 silly placeDep ROOT @esbuild/linux-riscv64@0.25.12 OK for: esbuild@0.25.12 want: 0.25.12
162 silly placeDep ROOT @esbuild/linux-s390x@0.25.12 OK for: esbuild@0.25.12 want: 0.25.12
163 silly placeDep ROOT @esbuild/linux-x64@0.25.12 OK for: esbuild@0.25.12 want: 0.25.12
164 silly placeDep ROOT @esbuild/netbsd-arm64@0.25.12 OK for: esbuild@0.25.12 want: 0.25.12
165 silly placeDep ROOT @esbuild/netbsd-x64@0.25.12 OK for: esbuild@0.25.12 want: 0.25.12
166 silly placeDep ROOT @esbuild/openbsd-arm64@0.25.12 OK for: esbuild@0.25.12 want: 0.25.12
167 silly placeDep ROOT @esbuild/openbsd-x64@0.25.12 OK for: esbuild@0.25.12 want: 0.25.12
168 silly placeDep ROOT @esbuild/openharmony-arm64@0.25.12 OK for: esbuild@0.25.12 want: 0.25.12
169 silly placeDep ROOT @esbuild/sunos-x64@0.25.12 OK for: esbuild@0.25.12 want: 0.25.12
170 silly placeDep ROOT @esbuild/win32-arm64@0.25.12 OK for: esbuild@0.25.12 want: 0.25.12
171 silly placeDep ROOT @esbuild/win32-ia32@0.25.12 OK for: esbuild@0.25.12 want: 0.25.12
172 silly placeDep ROOT @esbuild/win32-x64@0.25.12 OK for: esbuild@0.25.12 want: 0.25.12
173 timing idealTree:node_modules/esbuild Completed in 16ms
174 timing idealTree:node_modules/@esbuild/aix-ppc64 Completed in 0ms
175 timing idealTree:node_modules/@esbuild/android-arm Completed in 0ms
176 timing idealTree:node_modules/@esbuild/android-arm64 Completed in 0ms
177 timing idealTree:node_modules/@esbuild/android-x64 Completed in 0ms
178 timing idealTree:node_modules/@esbuild/darwin-arm64 Completed in 0ms
179 timing idealTree:node_modules/@esbuild/darwin-x64 Completed in 0ms
180 timing idealTree:node_modules/@esbuild/freebsd-arm64 Completed in 0ms
181 timing idealTree:node_modules/@esbuild/freebsd-x64 Completed in 0ms
182 timing idealTree:node_modules/@esbuild/linux-arm Completed in 0ms
183 timing idealTree:node_modules/@esbuild/linux-arm64 Completed in 0ms
184 timing idealTree:node_modules/@esbuild/linux-ia32 Completed in 0ms
185 timing idealTree:node_modules/@esbuild/linux-loong64 Completed in 0ms
186 timing idealTree:node_modules/@esbuild/linux-mips64el Completed in 0ms
187 timing idealTree:node_modules/@esbuild/linux-ppc64 Completed in 0ms
188 timing idealTree:node_modules/@esbuild/linux-riscv64 Completed in 0ms
189 timing idealTree:node_modules/@esbuild/linux-s390x Completed in 0ms
190 timing idealTree:node_modules/@esbuild/linux-x64 Completed in 0ms
191 timing idealTree:node_modules/@esbuild/netbsd-arm64 Completed in 0ms
192 timing idealTree:node_modules/@esbuild/netbsd-x64 Completed in 0ms
193 timing idealTree:node_modules/@esbuild/openbsd-arm64 Completed in 0ms
194 timing idealTree:node_modules/@esbuild/openbsd-x64 Completed in 0ms
195 timing idealTree:node_modules/@esbuild/openharmony-arm64 Completed in 0ms
196 timing idealTree:node_modules/@esbuild/sunos-x64 Completed in 0ms
197 timing idealTree:node_modules/@esbuild/win32-arm64 Completed in 0ms
198 timing idealTree:node_modules/@esbuild/win32-ia32 Completed in 0ms
199 timing idealTree:node_modules/@esbuild/win32-x64 Completed in 0ms
200 silly placeDep ROOT locate-path@6.0.0 OK for: find-up@5.0.0 want: ^6.0.0
201 silly placeDep ROOT path-exists@4.0.0 OK for: find-up@5.0.0 want: ^4.0.0
202 silly fetch manifest p-locate@^5.0.0
203 http fetch GET 200 https://registry.npmjs.org/p-locate 44ms (cache miss)
204 timing idealTree:node_modules/find-up Completed in 45ms
205 timing idealTree:node_modules/ignore Completed in 0ms
206 silly placeDep ROOT p-locate@5.0.0 OK for: locate-path@6.0.0 want: ^5.0.0
207 silly fetch manifest p-limit@^3.0.2
208 http fetch GET 200 https://registry.npmjs.org/p-limit 89ms (cache miss)
209 timing idealTree:node_modules/locate-path Completed in 91ms
210 silly placeDep ROOT p-limit@3.1.0 OK for: p-locate@5.0.0 want: ^3.0.2
211 silly fetch manifest yocto-queue@^0.1.0
212 http fetch GET 200 https://registry.npmjs.org/yocto-queue 38ms (cache miss)
213 timing idealTree:node_modules/p-locate Completed in 40ms
214 silly placeDep ROOT yocto-queue@0.1.0 OK for: p-limit@3.1.0 want: ^0.1.0
215 timing idealTree:node_modules/p-limit Completed in 1ms
216 timing idealTree:node_modules/path-exists Completed in 0ms
217 timing idealTree:node_modules/prettier Completed in 0ms
218 silly placeDep ROOT is-core-module@2.16.1 OK for: resolve@1.22.11 want: ^2.16.1
219 silly placeDep ROOT path-parse@1.0.7 OK for: resolve@1.22.11 want: ^1.0.7
220 silly placeDep ROOT supports-preserve-symlinks-flag@1.0.0 OK for: resolve@1.22.11 want: ^1.0.0
221 silly fetch manifest hasown@^2.0.2
222 http fetch GET 200 https://registry.npmjs.org/hasown 76ms (cache miss)
223 timing idealTree:node_modules/resolve Completed in 79ms
224 silly placeDep ROOT hasown@2.0.2 OK for: is-core-module@2.16.1 want: ^2.0.2
225 silly fetch manifest function-bind@^1.1.2
226 http fetch GET 200 https://registry.npmjs.org/function-bind 68ms (cache miss)
227 timing idealTree:node_modules/is-core-module Completed in 69ms
228 silly placeDep ROOT function-bind@1.1.2 OK for: hasown@2.0.2 want: ^1.1.2
229 timing idealTree:node_modules/hasown Completed in 1ms
230 timing idealTree:node_modules/function-bind Completed in 0ms
231 timing idealTree:node_modules/path-parse Completed in 0ms
232 silly placeDep ROOT glob@7.2.3 OK for: rimraf@3.0.2 want: ^7.1.3
233 silly fetch manifest once@^1.3.0
234 silly fetch manifest inflight@^1.0.4
235 silly fetch manifest inherits@2
236 silly fetch manifest minimatch@^3.1.1
237 silly fetch manifest fs.realpath@^1.0.0
238 silly fetch manifest path-is-absolute@^1.0.0
239 http fetch GET 200 https://registry.npmjs.org/fs.realpath 43ms (cache miss)
240 http fetch GET 200 https://registry.npmjs.org/inherits 44ms (cache miss)
241 http fetch GET 200 https://registry.npmjs.org/minimatch 44ms (cache revalidated)
242 http fetch GET 200 https://registry.npmjs.org/inflight 52ms (cache miss)
243 http fetch GET 200 https://registry.npmjs.org/path-is-absolute 51ms (cache miss)
244 http fetch GET 200 https://registry.npmjs.org/once 299ms (cache miss)
245 timing idealTree:node_modules/rimraf Completed in 300ms
246 silly placeDep ROOT fs.realpath@1.0.0 OK for: glob@7.2.3 want: ^1.0.0
247 silly placeDep ROOT inflight@1.0.6 OK for: glob@7.2.3 want: ^1.0.4
248 silly placeDep ROOT inherits@2.0.4 OK for: glob@7.2.3 want: 2
249 silly placeDep ROOT minimatch@3.1.2 OK for: glob@7.2.3 want: ^3.1.1
250 silly placeDep ROOT once@1.4.0 OK for: glob@7.2.3 want: ^1.3.0
251 silly placeDep ROOT path-is-absolute@1.0.1 OK for: glob@7.2.3 want: ^1.0.0
252 silly fetch manifest wrappy@1
253 silly fetch manifest brace-expansion@^1.1.7
254 http fetch GET 200 https://registry.npmjs.org/brace-expansion 88ms (cache miss)
255 http fetch GET 200 https://registry.npmjs.org/wrappy 173ms (cache miss)
256 timing idealTree:node_modules/glob Completed in 177ms
257 timing idealTree:node_modules/fs.realpath Completed in 0ms
258 silly placeDep ROOT wrappy@1.0.2 OK for: inflight@1.0.6 want: 1
259 timing idealTree:node_modules/inflight Completed in 1ms
260 timing idealTree:node_modules/inherits Completed in 0ms
261 silly placeDep ROOT brace-expansion@1.1.12 OK for: minimatch@3.1.2 want: ^1.1.7
262 silly fetch manifest balanced-match@^1.0.0
263 silly fetch manifest concat-map@0.0.1
264 http fetch GET 200 https://registry.npmjs.org/balanced-match 43ms (cache miss)
265 http fetch GET 200 https://registry.npmjs.org/concat-map 167ms (cache miss)
266 timing idealTree:node_modules/minimatch Completed in 168ms
267 silly placeDep ROOT balanced-match@1.0.2 OK for: brace-expansion@1.1.12 want: ^1.0.0
268 silly placeDep ROOT concat-map@0.0.1 OK for: brace-expansion@1.1.12 want: 0.0.1
269 timing idealTree:node_modules/brace-expansion Completed in 1ms
270 timing idealTree:node_modules/balanced-match Completed in 0ms
271 timing idealTree:node_modules/concat-map Completed in 0ms
272 timing idealTree:node_modules/once Completed in 0ms
273 timing idealTree:node_modules/path-is-absolute Completed in 0ms
274 timing idealTree:node_modules/semver Completed in 0ms
275 timing idealTree:node_modules/supports-preserve-symlinks-flag Completed in 1ms
276 timing idealTree:node_modules/typescript Completed in 0ms
277 timing idealTree:node_modules/wrappy Completed in 0ms
278 timing idealTree:node_modules/yocto-queue Completed in 0ms
279 timing idealTree:buildDeps Completed in 7034ms
280 timing idealTree:fixDepFlags Completed in 0ms
281 timing idealTree Completed in 7044ms
282 timing reify:loadTrees Completed in 7045ms
283 timing reify:diffTrees Completed in 2ms
284 silly reify moves {}
285 timing reify:retireShallow Completed in 0ms
286 timing reify:createSparse Completed in 2ms
287 silly reify mark deleted [
287 silly reify   '/home/estedev/vim-portable/.config/coc/extensions/node_modules/coc-prettier-e7f272d9-1409-4163-b417-e225b213e111/node_modules/@chemzqm/tsconfig'
287 silly reify ]
288 silly reify mark deleted [
288 silly reify   '/home/estedev/vim-portable/.config/coc/extensions/node_modules/coc-prettier-e7f272d9-1409-4163-b417-e225b213e111/node_modules/@types/node'
288 silly reify ]
289 silly reify mark deleted [
289 silly reify   '/home/estedev/vim-portable/.config/coc/extensions/node_modules/coc-prettier-e7f272d9-1409-4163-b417-e225b213e111/node_modules/@types/prettier'
289 silly reify ]
290 silly reify mark deleted [
290 silly reify   '/home/estedev/vim-portable/.config/coc/extensions/node_modules/coc-prettier-e7f272d9-1409-4163-b417-e225b213e111/node_modules/@types/semver'
290 silly reify ]
291 silly reify mark deleted [
291 silly reify   '/home/estedev/vim-portable/.config/coc/extensions/node_modules/coc-prettier-e7f272d9-1409-4163-b417-e225b213e111/node_modules/coc.nvim'
291 silly reify ]
292 silly reify mark deleted [
292 silly reify   '/home/estedev/vim-portable/.config/coc/extensions/node_modules/coc-prettier-e7f272d9-1409-4163-b417-e225b213e111/node_modules/esbuild',
292 silly reify   '/home/estedev/vim-portable/.config/coc/extensions/node_modules/coc-prettier-e7f272d9-1409-4163-b417-e225b213e111/node_modules/.bin/esbuild'
292 silly reify ]
293 silly reify mark deleted [
293 silly reify   '/home/estedev/vim-portable/.config/coc/extensions/node_modules/coc-prettier-e7f272d9-1409-4163-b417-e225b213e111/node_modules/find-up'
293 silly reify ]
294 silly reify mark deleted [
294 silly reify   '/home/estedev/vim-portable/.config/coc/extensions/node_modules/coc-prettier-e7f272d9-1409-4163-b417-e225b213e111/node_modules/ignore'
294 silly reify ]
295 silly reify mark deleted [
295 silly reify   '/home/estedev/vim-portable/.config/coc/extensions/node_modules/coc-prettier-e7f272d9-1409-4163-b417-e225b213e111/node_modules/resolve',
295 silly reify   '/home/estedev/vim-portable/.config/coc/extensions/node_modules/coc-prettier-e7f272d9-1409-4163-b417-e225b213e111/node_modules/.bin/resolve'
295 silly reify ]
296 silly reify mark deleted [
296 silly reify   '/home/estedev/vim-portable/.config/coc/extensions/node_modules/coc-prettier-e7f272d9-1409-4163-b417-e225b213e111/node_modules/rimraf',
296 silly reify   '/home/estedev/vim-portable/.config/coc/extensions/node_modules/coc-prettier-e7f272d9-1409-4163-b417-e225b213e111/node_modules/.bin/rimraf'
296 silly reify ]
297 silly reify mark deleted [
297 silly reify   '/home/estedev/vim-portable/.config/coc/extensions/node_modules/coc-prettier-e7f272d9-1409-4163-b417-e225b213e111/node_modules/semver',
297 silly reify   '/home/estedev/vim-portable/.config/coc/extensions/node_modules/coc-prettier-e7f272d9-1409-4163-b417-e225b213e111/node_modules/.bin/semver'
297 silly reify ]
298 silly reify mark deleted [
298 silly reify   '/home/estedev/vim-portable/.config/coc/extensions/node_modules/coc-prettier-e7f272d9-1409-4163-b417-e225b213e111/node_modules/typescript',
298 silly reify   '/home/estedev/vim-portable/.config/coc/extensions/node_modules/coc-prettier-e7f272d9-1409-4163-b417-e225b213e111/node_modules/.bin/tsc',
298 silly reify   '/home/estedev/vim-portable/.config/coc/extensions/node_modules/coc-prettier-e7f272d9-1409-4163-b417-e225b213e111/node_modules/.bin/tsserver'
298 silly reify ]
299 silly reify mark deleted [
299 silly reify   '/home/estedev/vim-portable/.config/coc/extensions/node_modules/coc-prettier-e7f272d9-1409-4163-b417-e225b213e111/node_modules/@esbuild/aix-ppc64'
299 silly reify ]
300 silly reify mark deleted [
300 silly reify   '/home/estedev/vim-portable/.config/coc/extensions/node_modules/coc-prettier-e7f272d9-1409-4163-b417-e225b213e111/node_modules/@esbuild/android-arm'
300 silly reify ]
301 silly reify mark deleted [
301 silly reify   '/home/estedev/vim-portable/.config/coc/extensions/node_modules/coc-prettier-e7f272d9-1409-4163-b417-e225b213e111/node_modules/@esbuild/android-arm64'
301 silly reify ]
302 silly reify mark deleted [
302 silly reify   '/home/estedev/vim-portable/.config/coc/extensions/node_modules/coc-prettier-e7f272d9-1409-4163-b417-e225b213e111/node_modules/@esbuild/android-x64'
302 silly reify ]
303 silly reify mark deleted [
303 silly reify   '/home/estedev/vim-portable/.config/coc/extensions/node_modules/coc-prettier-e7f272d9-1409-4163-b417-e225b213e111/node_modules/@esbuild/darwin-arm64'
303 silly reify ]
304 silly reify mark deleted [
304 silly reify   '/home/estedev/vim-portable/.config/coc/extensions/node_modules/coc-prettier-e7f272d9-1409-4163-b417-e225b213e111/node_modules/@esbuild/darwin-x64'
304 silly reify ]
305 silly reify mark deleted [
305 silly reify   '/home/estedev/vim-portable/.config/coc/extensions/node_modules/coc-prettier-e7f272d9-1409-4163-b417-e225b213e111/node_modules/@esbuild/freebsd-arm64'
305 silly reify ]
306 silly reify mark deleted [
306 silly reify   '/home/estedev/vim-portable/.config/coc/extensions/node_modules/coc-prettier-e7f272d9-1409-4163-b417-e225b213e111/node_modules/@esbuild/freebsd-x64'
306 silly reify ]
307 silly reify mark deleted [
307 silly reify   '/home/estedev/vim-portable/.config/coc/extensions/node_modules/coc-prettier-e7f272d9-1409-4163-b417-e225b213e111/node_modules/@esbuild/linux-arm'
307 silly reify ]
308 silly reify mark deleted [
308 silly reify   '/home/estedev/vim-portable/.config/coc/extensions/node_modules/coc-prettier-e7f272d9-1409-4163-b417-e225b213e111/node_modules/@esbuild/linux-arm64'
308 silly reify ]
309 silly reify mark deleted [
309 silly reify   '/home/estedev/vim-portable/.config/coc/extensions/node_modules/coc-prettier-e7f272d9-1409-4163-b417-e225b213e111/node_modules/@esbuild/linux-ia32'
309 silly reify ]
310 silly reify mark deleted [
310 silly reify   '/home/estedev/vim-portable/.config/coc/extensions/node_modules/coc-prettier-e7f272d9-1409-4163-b417-e225b213e111/node_modules/@esbuild/linux-loong64'
310 silly reify ]
311 silly reify mark deleted [
311 silly reify   '/home/estedev/vim-portable/.config/coc/extensions/node_modules/coc-prettier-e7f272d9-1409-4163-b417-e225b213e111/node_modules/@esbuild/linux-mips64el'
311 silly reify ]
312 silly reify mark deleted [
312 silly reify   '/home/estedev/vim-portable/.config/coc/extensions/node_modules/coc-prettier-e7f272d9-1409-4163-b417-e225b213e111/node_modules/@esbuild/linux-ppc64'
312 silly reify ]
313 silly reify mark deleted [
313 silly reify   '/home/estedev/vim-portable/.config/coc/extensions/node_modules/coc-prettier-e7f272d9-1409-4163-b417-e225b213e111/node_modules/@esbuild/linux-riscv64'
313 silly reify ]
314 silly reify mark deleted [
314 silly reify   '/home/estedev/vim-portable/.config/coc/extensions/node_modules/coc-prettier-e7f272d9-1409-4163-b417-e225b213e111/node_modules/@esbuild/linux-s390x'
314 silly reify ]
315 silly reify mark deleted [
315 silly reify   '/home/estedev/vim-portable/.config/coc/extensions/node_modules/coc-prettier-e7f272d9-1409-4163-b417-e225b213e111/node_modules/@esbuild/linux-x64'
315 silly reify ]
316 silly reify mark deleted [
316 silly reify   '/home/estedev/vim-portable/.config/coc/extensions/node_modules/coc-prettier-e7f272d9-1409-4163-b417-e225b213e111/node_modules/@esbuild/netbsd-arm64'
316 silly reify ]
317 silly reify mark deleted [
317 silly reify   '/home/estedev/vim-portable/.config/coc/extensions/node_modules/coc-prettier-e7f272d9-1409-4163-b417-e225b213e111/node_modules/@esbuild/netbsd-x64'
317 silly reify ]
318 silly reify mark deleted [
318 silly reify   '/home/estedev/vim-portable/.config/coc/extensions/node_modules/coc-prettier-e7f272d9-1409-4163-b417-e225b213e111/node_modules/@esbuild/openbsd-arm64'
318 silly reify ]
319 silly reify mark deleted [
319 silly reify   '/home/estedev/vim-portable/.config/coc/extensions/node_modules/coc-prettier-e7f272d9-1409-4163-b417-e225b213e111/node_modules/@esbuild/openbsd-x64'
319 silly reify ]
320 silly reify mark deleted [
320 silly reify   '/home/estedev/vim-portable/.config/coc/extensions/node_modules/coc-prettier-e7f272d9-1409-4163-b417-e225b213e111/node_modules/@esbuild/openharmony-arm64'
320 silly reify ]
321 silly reify mark deleted [
321 silly reify   '/home/estedev/vim-portable/.config/coc/extensions/node_modules/coc-prettier-e7f272d9-1409-4163-b417-e225b213e111/node_modules/@esbuild/sunos-x64'
321 silly reify ]
322 silly reify mark deleted [
322 silly reify   '/home/estedev/vim-portable/.config/coc/extensions/node_modules/coc-prettier-e7f272d9-1409-4163-b417-e225b213e111/node_modules/@esbuild/win32-arm64'
322 silly reify ]
323 silly reify mark deleted [
323 silly reify   '/home/estedev/vim-portable/.config/coc/extensions/node_modules/coc-prettier-e7f272d9-1409-4163-b417-e225b213e111/node_modules/@esbuild/win32-ia32'
323 silly reify ]
324 silly reify mark deleted [
324 silly reify   '/home/estedev/vim-portable/.config/coc/extensions/node_modules/coc-prettier-e7f272d9-1409-4163-b417-e225b213e111/node_modules/@esbuild/win32-x64'
324 silly reify ]
325 silly reify mark deleted [
325 silly reify   '/home/estedev/vim-portable/.config/coc/extensions/node_modules/coc-prettier-e7f272d9-1409-4163-b417-e225b213e111/node_modules/locate-path'
325 silly reify ]
326 silly reify mark deleted [
326 silly reify   '/home/estedev/vim-portable/.config/coc/extensions/node_modules/coc-prettier-e7f272d9-1409-4163-b417-e225b213e111/node_modules/path-exists'
326 silly reify ]
327 silly reify mark deleted [
327 silly reify   '/home/estedev/vim-portable/.config/coc/extensions/node_modules/coc-prettier-e7f272d9-1409-4163-b417-e225b213e111/node_modules/p-locate'
327 silly reify ]
328 silly reify mark deleted [
328 silly reify   '/home/estedev/vim-portable/.config/coc/extensions/node_modules/coc-prettier-e7f272d9-1409-4163-b417-e225b213e111/node_modules/p-limit'
328 silly reify ]
329 silly reify mark deleted [
329 silly reify   '/home/estedev/vim-portable/.config/coc/extensions/node_modules/coc-prettier-e7f272d9-1409-4163-b417-e225b213e111/node_modules/yocto-queue'
329 silly reify ]
330 silly reify mark deleted [
330 silly reify   '/home/estedev/vim-portable/.config/coc/extensions/node_modules/coc-prettier-e7f272d9-1409-4163-b417-e225b213e111/node_modules/is-core-module'
330 silly reify ]
331 silly reify mark deleted [
331 silly reify   '/home/estedev/vim-portable/.config/coc/extensions/node_modules/coc-prettier-e7f272d9-1409-4163-b417-e225b213e111/node_modules/path-parse'
331 silly reify ]
332 silly reify mark deleted [
332 silly reify   '/home/estedev/vim-portable/.config/coc/extensions/node_modules/coc-prettier-e7f272d9-1409-4163-b417-e225b213e111/node_modules/supports-preserve-symlinks-flag'
332 silly reify ]
333 silly reify mark deleted [
333 silly reify   '/home/estedev/vim-portable/.config/coc/extensions/node_modules/coc-prettier-e7f272d9-1409-4163-b417-e225b213e111/node_modules/hasown'
333 silly reify ]
334 silly reify mark deleted [
334 silly reify   '/home/estedev/vim-portable/.config/coc/extensions/node_modules/coc-prettier-e7f272d9-1409-4163-b417-e225b213e111/node_modules/function-bind'
334 silly reify ]
335 silly reify mark deleted [
335 silly reify   '/home/estedev/vim-portable/.config/coc/extensions/node_modules/coc-prettier-e7f272d9-1409-4163-b417-e225b213e111/node_modules/glob'
335 silly reify ]
336 silly reify mark deleted [
336 silly reify   '/home/estedev/vim-portable/.config/coc/extensions/node_modules/coc-prettier-e7f272d9-1409-4163-b417-e225b213e111/node_modules/fs.realpath'
336 silly reify ]
337 silly reify mark deleted [
337 silly reify   '/home/estedev/vim-portable/.config/coc/extensions/node_modules/coc-prettier-e7f272d9-1409-4163-b417-e225b213e111/node_modules/inflight'
337 silly reify ]
338 silly reify mark deleted [
338 silly reify   '/home/estedev/vim-portable/.config/coc/extensions/node_modules/coc-prettier-e7f272d9-1409-4163-b417-e225b213e111/node_modules/inherits'
338 silly reify ]
339 silly reify mark deleted [
339 silly reify   '/home/estedev/vim-portable/.config/coc/extensions/node_modules/coc-prettier-e7f272d9-1409-4163-b417-e225b213e111/node_modules/minimatch'
339 silly reify ]
340 silly reify mark deleted [
340 silly reify   '/home/estedev/vim-portable/.config/coc/extensions/node_modules/coc-prettier-e7f272d9-1409-4163-b417-e225b213e111/node_modules/once'
340 silly reify ]
341 silly reify mark deleted [
341 silly reify   '/home/estedev/vim-portable/.config/coc/extensions/node_modules/coc-prettier-e7f272d9-1409-4163-b417-e225b213e111/node_modules/path-is-absolute'
341 silly reify ]
342 silly reify mark deleted [
342 silly reify   '/home/estedev/vim-portable/.config/coc/extensions/node_modules/coc-prettier-e7f272d9-1409-4163-b417-e225b213e111/node_modules/wrappy'
342 silly reify ]
343 silly reify mark deleted [
343 silly reify   '/home/estedev/vim-portable/.config/coc/extensions/node_modules/coc-prettier-e7f272d9-1409-4163-b417-e225b213e111/node_modules/brace-expansion'
343 silly reify ]
344 silly reify mark deleted [
344 silly reify   '/home/estedev/vim-portable/.config/coc/extensions/node_modules/coc-prettier-e7f272d9-1409-4163-b417-e225b213e111/node_modules/balanced-match'
344 silly reify ]
345 silly reify mark deleted [
345 silly reify   '/home/estedev/vim-portable/.config/coc/extensions/node_modules/coc-prettier-e7f272d9-1409-4163-b417-e225b213e111/node_modules/concat-map'
345 silly reify ]
346 timing reify:trashOmits Completed in 5ms
347 timing reify:loadBundles Completed in 0ms
348 silly audit bulk request { prettier: [ '3.8.1' ] }
349 silly tarball no local data for prettier@https://registry.npmjs.org/prettier/-/prettier-3.8.1.tgz. Extracting by manifest.
350 http fetch POST 200 https://registry.npmjs.org/-/npm/v1/security/advisories/bulk 207ms
351 timing auditReport:getReport Completed in 208ms
352 silly audit report {}
353 timing auditReport:init Completed in 0ms
354 timing reify:audit Completed in 209ms
355 http fetch GET 200 https://registry.npmjs.org/prettier/-/prettier-3.8.1.tgz 362ms (cache miss)
356 timing reifyNode:node_modules/prettier Completed in 367ms
357 timing reify:unpack Completed in 367ms
358 timing reify:unretire Completed in 0ms
359 timing build:queue Completed in 2ms
360 timing build:link:node_modules/prettier Completed in 3ms
361 timing build:link Completed in 3ms
362 timing build:deps Completed in 5ms
363 timing build Completed in 5ms
364 timing reify:build Completed in 5ms
365 timing reify:trash Completed in 2ms
366 timing reify:save Completed in 0ms
367 timing reify Completed in 7437ms
368 silly ADD
369 silly ADD
370 silly ADD
371 silly ADD
372 silly ADD
373 silly ADD
374 silly ADD
375 silly ADD
376 silly ADD
377 silly ADD
378 silly ADD
379 silly ADD
380 silly ADD
381 silly ADD
382 silly ADD
383 silly ADD
384 silly ADD
385 silly ADD
386 silly ADD
387 silly ADD
388 silly ADD
389 silly ADD
390 silly ADD
391 silly ADD
392 silly ADD
393 silly ADD
394 silly ADD
395 silly ADD
396 silly ADD
397 silly ADD
398 silly ADD
399 silly ADD
400 silly ADD
401 silly ADD
402 silly ADD
403 silly ADD
404 silly ADD
405 silly ADD
406 silly ADD
407 silly ADD
408 silly ADD
409 silly ADD
410 silly ADD
411 silly ADD
412 silly ADD
413 silly ADD
414 silly ADD
415 silly ADD
416 silly ADD
417 silly ADD
418 silly ADD
419 silly ADD node_modules/prettier
420 silly ADD
421 silly ADD
422 silly ADD
423 silly ADD
424 silly ADD
425 silly ADD
426 silly ADD
427 silly ADD
428 timing command:install Completed in 7441ms
429 verbose exit 0
430 timing npm Completed in 7482ms
431 info ok
