0 verbose cli /usr/bin/node /usr/bin/npm
1 info using npm@9.2.0
2 info using node@v18.19.1
3 timing npm:load:whichnode Completed in 0ms
4 timing config:load:defaults Completed in 2ms
5 timing config:load:file:/usr/share/nodejs/npm/npmrc Completed in 2ms
6 timing config:load:builtin Completed in 2ms
7 timing config:load:cli Completed in 1ms
8 timing config:load:env Completed in 0ms
9 timing config:load:file:/home/estedev/vim-portable/.config/coc/extensions/node_modules/coc-tsserver-331aabf5-664a-48ba-9355-564fee653a24/.npmrc Completed in 0ms
10 timing config:load:project Completed in 3ms
11 timing config:load:file:/home/estedev/vim-portable/.npmrc Completed in 0ms
12 timing config:load:user Completed in 0ms
13 timing config:load:file:/etc/npmrc Completed in 0ms
14 timing config:load:global Completed in 0ms
15 timing config:load:setEnvs Completed in 1ms
16 timing config:load Completed in 9ms
17 timing npm:load:configload Completed in 9ms
18 timing npm:load:mkdirpcache Completed in 0ms
19 timing npm:load:mkdirplogs Completed in 0ms
20 verbose title npm install
21 verbose argv "install" "--ignore-scripts" "--no-package-lock" "--omit" "dev" "--legacy-peer-deps" "--no-global"
22 timing npm:load:setTitle Completed in 1ms
23 timing config:load:flatten Completed in 2ms
24 timing npm:load:display Completed in 3ms
25 verbose logfile logs-max:10 dir:/home/estedev/vim-portable/.npm/_logs/2026-02-04T16_00_58_939Z-
26 verbose logfile /home/estedev/vim-portable/.npm/_logs/2026-02-04T16_00_58_939Z-debug-0.log
27 timing npm:load:logFile Completed in 5ms
28 timing npm:load:timers Completed in 0ms
29 timing npm:load:configScope Completed in 0ms
30 timing npm:load Completed in 18ms
31 silly logfile done cleaning log files
32 timing config:load:flatten Completed in 0ms
33 timing arborist:ctor Completed in 1ms
34 timing arborist:ctor Completed in 0ms
35 timing idealTree:init Completed in 10ms
36 timing idealTree:userRequests Completed in 0ms
37 silly idealTree buildDeps
38 silly fetch manifest typescript@^5.3.2
39 http fetch GET 200 https://registry.npmjs.org/typescript 263ms (cache miss)
40 silly fetch manifest @types/node@^16.18
41 http fetch GET 200 https://registry.npmjs.org/@types%2fnode 115ms (cache miss)
42 silly fetch manifest coc.nvim@^0.0.83-next.19
43 http fetch GET 200 https://registry.npmjs.org/coc.nvim 191ms (cache miss)
44 silly fetch manifest esbuild@^0.25.0
45 http fetch GET 200 https://registry.npmjs.org/esbuild 57ms (cache miss)
46 silly fetch manifest semver@^7.3.7
47 http fetch GET 200 https://registry.npmjs.org/semver 43ms (cache miss)
48 silly fetch manifest strip-ansi@^7.0.1
49 http fetch GET 200 https://registry.npmjs.org/strip-ansi 40ms (cache miss)
50 silly fetch manifest vscode-languageserver-protocol@^3.17.2
51 http fetch GET 200 https://registry.npmjs.org/vscode-languageserver-protocol 183ms (cache miss)
52 silly fetch manifest which@^2.0.2
53 http fetch GET 200 https://registry.npmjs.org/which 43ms (cache miss)
54 silly placeDep ROOT @types/node@16.18.126 OK for: coc-tsserver@2.3.1 want: ^16.18
55 silly placeDep ROOT coc.nvim@0.0.83-next.24 OK for: coc-tsserver@2.3.1 want: ^0.0.83-next.19
56 silly placeDep ROOT esbuild@0.25.12 OK for: coc-tsserver@2.3.1 want: ^0.25.0
57 silly placeDep ROOT semver@7.7.3 OK for: coc-tsserver@2.3.1 want: ^7.3.7
58 silly placeDep ROOT strip-ansi@7.1.2 OK for: coc-tsserver@2.3.1 want: ^7.0.1
59 silly placeDep ROOT typescript@5.9.3 OK for: coc-tsserver@2.3.1 want: ^5.3.2
60 silly placeDep ROOT vscode-languageserver-protocol@3.17.5 OK for: coc-tsserver@2.3.1 want: ^3.17.2
61 silly placeDep ROOT which@2.0.2 OK for: coc-tsserver@2.3.1 want: ^2.0.2
62 silly fetch manifest @esbuild/aix-ppc64@0.25.12
63 silly fetch manifest @esbuild/linux-arm@0.25.12
64 silly fetch manifest @esbuild/linux-x64@0.25.12
65 silly fetch manifest @esbuild/sunos-x64@0.25.12
66 silly fetch manifest @esbuild/win32-x64@0.25.12
67 silly fetch manifest @esbuild/darwin-x64@0.25.12
68 silly fetch manifest @esbuild/linux-ia32@0.25.12
69 silly fetch manifest @esbuild/netbsd-x64@0.25.12
70 silly fetch manifest @esbuild/win32-ia32@0.25.12
71 silly fetch manifest @esbuild/android-arm@0.25.12
72 silly fetch manifest @esbuild/android-x64@0.25.12
73 silly fetch manifest @esbuild/freebsd-x64@0.25.12
74 silly fetch manifest @esbuild/linux-arm64@0.25.12
75 silly fetch manifest @esbuild/linux-ppc64@0.25.12
76 silly fetch manifest @esbuild/linux-s390x@0.25.12
77 silly fetch manifest @esbuild/openbsd-x64@0.25.12
78 silly fetch manifest @esbuild/win32-arm64@0.25.12
79 silly fetch manifest @esbuild/darwin-arm64@0.25.12
80 silly fetch manifest @esbuild/netbsd-arm64@0.25.12
81 silly fetch manifest @esbuild/android-arm64@0.25.12
82 silly fetch manifest @esbuild/freebsd-arm64@0.25.12
83 silly fetch manifest @esbuild/linux-loong64@0.25.12
84 silly fetch manifest @esbuild/linux-riscv64@0.25.12
85 silly fetch manifest @esbuild/openbsd-arm64@0.25.12
86 silly fetch manifest @esbuild/linux-mips64el@0.25.12
87 silly fetch manifest @esbuild/openharmony-arm64@0.25.12
88 silly fetch manifest ansi-regex@^6.0.1
89 silly fetch manifest vscode-jsonrpc@8.2.0
90 silly fetch manifest vscode-languageserver-types@3.17.5
91 silly fetch manifest isexe@^2.0.0
92 http fetch GET 200 https://registry.npmjs.org/@esbuild%2flinux-arm 129ms (cache miss)
93 http fetch GET 200 https://registry.npmjs.org/@esbuild%2flinux-arm64 137ms (cache miss)
94 http fetch GET 200 https://registry.npmjs.org/@esbuild%2flinux-s390x 140ms (cache miss)
95 http fetch GET 200 https://registry.npmjs.org/@esbuild%2fwin32-ia32 142ms (cache miss)
96 http fetch GET 200 https://registry.npmjs.org/@esbuild%2flinux-ppc64 143ms (cache miss)
97 http fetch GET 200 https://registry.npmjs.org/@esbuild%2flinux-x64 146ms (cache miss)
98 http fetch GET 200 https://registry.npmjs.org/@esbuild%2faix-ppc64 207ms (cache miss)
99 http fetch GET 200 https://registry.npmjs.org/@esbuild%2fdarwin-arm64 201ms (cache miss)
100 http fetch GET 200 https://registry.npmjs.org/@esbuild%2fandroid-arm64 206ms (cache miss)
101 http fetch GET 200 https://registry.npmjs.org/@esbuild%2fopenbsd-arm64 254ms (cache miss)
102 http fetch GET 200 https://registry.npmjs.org/@esbuild%2fdarwin-x64 262ms (cache miss)
103 http fetch GET 200 https://registry.npmjs.org/@esbuild%2flinux-ia32 268ms (cache miss)
104 http fetch GET 200 https://registry.npmjs.org/@esbuild%2fandroid-arm 271ms (cache miss)
105 http fetch GET 200 https://registry.npmjs.org/@esbuild%2fandroid-x64 278ms (cache miss)
106 http fetch GET 200 https://registry.npmjs.org/ansi-regex 303ms (cache miss)
107 http fetch GET 200 https://registry.npmjs.org/@esbuild%2flinux-mips64el 311ms (cache miss)
108 http fetch GET 200 https://registry.npmjs.org/@esbuild%2fnetbsd-arm64 319ms (cache miss)
109 http fetch GET 200 https://registry.npmjs.org/@esbuild%2fopenbsd-x64 325ms (cache miss)
110 http fetch GET 200 https://registry.npmjs.org/@esbuild%2ffreebsd-arm64 329ms (cache miss)
111 http fetch GET 200 https://registry.npmjs.org/isexe 348ms (cache miss)
112 http fetch GET 200 https://registry.npmjs.org/@esbuild%2flinux-riscv64 382ms (cache miss)
113 http fetch GET 200 https://registry.npmjs.org/@esbuild%2fwin32-arm64 388ms (cache miss)
114 http fetch GET 200 https://registry.npmjs.org/@esbuild%2flinux-loong64 386ms (cache miss)
115 http fetch GET 200 https://registry.npmjs.org/@esbuild%2fwin32-x64 393ms (cache miss)
116 http fetch GET 200 https://registry.npmjs.org/@esbuild%2fsunos-x64 400ms (cache miss)
117 http fetch GET 200 https://registry.npmjs.org/@esbuild%2fnetbsd-x64 402ms (cache miss)
118 http fetch GET 200 https://registry.npmjs.org/@esbuild%2ffreebsd-x64 402ms (cache miss)
119 http fetch GET 200 https://registry.npmjs.org/vscode-languageserver-types 444ms (cache miss)
120 http fetch GET 200 https://registry.npmjs.org/vscode-jsonrpc 446ms (cache miss)
121 http fetch GET 200 https://registry.npmjs.org/@esbuild%2fopenharmony-arm64 452ms (cache miss)
122 timing idealTree:#root Completed in 1482ms
123 timing idealTree:node_modules/@types/node Completed in 0ms
124 timing idealTree:node_modules/coc.nvim Completed in 0ms
125 silly placeDep ROOT @esbuild/aix-ppc64@0.25.12 OK for: esbuild@0.25.12 want: 0.25.12
126 silly placeDep ROOT @esbuild/android-arm@0.25.12 OK for: esbuild@0.25.12 want: 0.25.12
127 silly placeDep ROOT @esbuild/android-arm64@0.25.12 OK for: esbuild@0.25.12 want: 0.25.12
128 silly placeDep ROOT @esbuild/android-x64@0.25.12 OK for: esbuild@0.25.12 want: 0.25.12
129 silly placeDep ROOT @esbuild/darwin-arm64@0.25.12 OK for: esbuild@0.25.12 want: 0.25.12
130 silly placeDep ROOT @esbuild/darwin-x64@0.25.12 OK for: esbuild@0.25.12 want: 0.25.12
131 silly placeDep ROOT @esbuild/freebsd-arm64@0.25.12 OK for: esbuild@0.25.12 want: 0.25.12
132 silly placeDep ROOT @esbuild/freebsd-x64@0.25.12 OK for: esbuild@0.25.12 want: 0.25.12
133 silly placeDep ROOT @esbuild/linux-arm@0.25.12 OK for: esbuild@0.25.12 want: 0.25.12
134 silly placeDep ROOT @esbuild/linux-arm64@0.25.12 OK for: esbuild@0.25.12 want: 0.25.12
135 silly placeDep ROOT @esbuild/linux-ia32@0.25.12 OK for: esbuild@0.25.12 want: 0.25.12
136 silly placeDep ROOT @esbuild/linux-loong64@0.25.12 OK for: esbuild@0.25.12 want: 0.25.12
137 silly placeDep ROOT @esbuild/linux-mips64el@0.25.12 OK for: esbuild@0.25.12 want: 0.25.12
138 silly placeDep ROOT @esbuild/linux-ppc64@0.25.12 OK for: esbuild@0.25.12 want: 0.25.12
139 silly placeDep ROOT @esbuild/linux-riscv64@0.25.12 OK for: esbuild@0.25.12 want: 0.25.12
140 silly placeDep ROOT @esbuild/linux-s390x@0.25.12 OK for: esbuild@0.25.12 want: 0.25.12
141 silly placeDep ROOT @esbuild/linux-x64@0.25.12 OK for: esbuild@0.25.12 want: 0.25.12
142 silly placeDep ROOT @esbuild/netbsd-arm64@0.25.12 OK for: esbuild@0.25.12 want: 0.25.12
143 silly placeDep ROOT @esbuild/netbsd-x64@0.25.12 OK for: esbuild@0.25.12 want: 0.25.12
144 silly placeDep ROOT @esbuild/openbsd-arm64@0.25.12 OK for: esbuild@0.25.12 want: 0.25.12
145 silly placeDep ROOT @esbuild/openbsd-x64@0.25.12 OK for: esbuild@0.25.12 want: 0.25.12
146 silly placeDep ROOT @esbuild/openharmony-arm64@0.25.12 OK for: esbuild@0.25.12 want: 0.25.12
147 silly placeDep ROOT @esbuild/sunos-x64@0.25.12 OK for: esbuild@0.25.12 want: 0.25.12
148 silly placeDep ROOT @esbuild/win32-arm64@0.25.12 OK for: esbuild@0.25.12 want: 0.25.12
149 silly placeDep ROOT @esbuild/win32-ia32@0.25.12 OK for: esbuild@0.25.12 want: 0.25.12
150 silly placeDep ROOT @esbuild/win32-x64@0.25.12 OK for: esbuild@0.25.12 want: 0.25.12
151 timing idealTree:node_modules/esbuild Completed in 19ms
152 timing idealTree:node_modules/@esbuild/aix-ppc64 Completed in 0ms
153 timing idealTree:node_modules/@esbuild/android-arm Completed in 0ms
154 timing idealTree:node_modules/@esbuild/android-arm64 Completed in 0ms
155 timing idealTree:node_modules/@esbuild/android-x64 Completed in 0ms
156 timing idealTree:node_modules/@esbuild/darwin-arm64 Completed in 0ms
157 timing idealTree:node_modules/@esbuild/darwin-x64 Completed in 0ms
158 timing idealTree:node_modules/@esbuild/freebsd-arm64 Completed in 0ms
159 timing idealTree:node_modules/@esbuild/freebsd-x64 Completed in 0ms
160 timing idealTree:node_modules/@esbuild/linux-arm Completed in 0ms
161 timing idealTree:node_modules/@esbuild/linux-arm64 Completed in 0ms
162 timing idealTree:node_modules/@esbuild/linux-ia32 Completed in 0ms
163 timing idealTree:node_modules/@esbuild/linux-loong64 Completed in 0ms
164 timing idealTree:node_modules/@esbuild/linux-mips64el Completed in 0ms
165 timing idealTree:node_modules/@esbuild/linux-ppc64 Completed in 0ms
166 timing idealTree:node_modules/@esbuild/linux-riscv64 Completed in 0ms
167 timing idealTree:node_modules/@esbuild/linux-s390x Completed in 0ms
168 timing idealTree:node_modules/@esbuild/linux-x64 Completed in 0ms
169 timing idealTree:node_modules/@esbuild/netbsd-arm64 Completed in 0ms
170 timing idealTree:node_modules/@esbuild/netbsd-x64 Completed in 0ms
171 timing idealTree:node_modules/@esbuild/openbsd-arm64 Completed in 0ms
172 timing idealTree:node_modules/@esbuild/openbsd-x64 Completed in 0ms
173 timing idealTree:node_modules/@esbuild/openharmony-arm64 Completed in 0ms
174 timing idealTree:node_modules/@esbuild/sunos-x64 Completed in 0ms
175 timing idealTree:node_modules/@esbuild/win32-arm64 Completed in 0ms
176 timing idealTree:node_modules/@esbuild/win32-ia32 Completed in 0ms
177 timing idealTree:node_modules/@esbuild/win32-x64 Completed in 0ms
178 timing idealTree:node_modules/semver Completed in 0ms
179 silly placeDep ROOT ansi-regex@6.2.2 OK for: strip-ansi@7.1.2 want: ^6.0.1
180 timing idealTree:node_modules/strip-ansi Completed in 0ms
181 timing idealTree:node_modules/ansi-regex Completed in 0ms
182 timing idealTree:node_modules/typescript Completed in 0ms
183 silly placeDep ROOT vscode-jsonrpc@8.2.0 OK for: vscode-languageserver-protocol@3.17.5 want: 8.2.0
184 silly placeDep ROOT vscode-languageserver-types@3.17.5 OK for: vscode-languageserver-protocol@3.17.5 want: 3.17.5
185 timing idealTree:node_modules/vscode-languageserver-protocol Completed in 2ms
186 timing idealTree:node_modules/vscode-jsonrpc Completed in 0ms
187 timing idealTree:node_modules/vscode-languageserver-types Completed in 0ms
188 silly placeDep ROOT isexe@2.0.0 OK for: which@2.0.2 want: ^2.0.0
189 timing idealTree:node_modules/which Completed in 1ms
190 timing idealTree:node_modules/isexe Completed in 0ms
191 timing idealTree:buildDeps Completed in 1507ms
192 timing idealTree:fixDepFlags Completed in 1ms
193 timing idealTree Completed in 1518ms
194 timing reify:loadTrees Completed in 1518ms
195 timing reify:diffTrees Completed in 2ms
196 silly reify moves {}
197 timing reify:retireShallow Completed in 1ms
198 timing reify:createSparse Completed in 4ms
199 silly reify mark deleted [
199 silly reify   '/home/estedev/vim-portable/.config/coc/extensions/node_modules/coc-tsserver-331aabf5-664a-48ba-9355-564fee653a24/node_modules/@types/node'
199 silly reify ]
200 silly reify mark deleted [
200 silly reify   '/home/estedev/vim-portable/.config/coc/extensions/node_modules/coc-tsserver-331aabf5-664a-48ba-9355-564fee653a24/node_modules/coc.nvim'
200 silly reify ]
201 silly reify mark deleted [
201 silly reify   '/home/estedev/vim-portable/.config/coc/extensions/node_modules/coc-tsserver-331aabf5-664a-48ba-9355-564fee653a24/node_modules/esbuild',
201 silly reify   '/home/estedev/vim-portable/.config/coc/extensions/node_modules/coc-tsserver-331aabf5-664a-48ba-9355-564fee653a24/node_modules/.bin/esbuild'
201 silly reify ]
202 silly reify mark deleted [
202 silly reify   '/home/estedev/vim-portable/.config/coc/extensions/node_modules/coc-tsserver-331aabf5-664a-48ba-9355-564fee653a24/node_modules/semver',
202 silly reify   '/home/estedev/vim-portable/.config/coc/extensions/node_modules/coc-tsserver-331aabf5-664a-48ba-9355-564fee653a24/node_modules/.bin/semver'
202 silly reify ]
203 silly reify mark deleted [
203 silly reify   '/home/estedev/vim-portable/.config/coc/extensions/node_modules/coc-tsserver-331aabf5-664a-48ba-9355-564fee653a24/node_modules/strip-ansi'
203 silly reify ]
204 silly reify mark deleted [
204 silly reify   '/home/estedev/vim-portable/.config/coc/extensions/node_modules/coc-tsserver-331aabf5-664a-48ba-9355-564fee653a24/node_modules/vscode-languageserver-protocol'
204 silly reify ]
205 silly reify mark deleted [
205 silly reify   '/home/estedev/vim-portable/.config/coc/extensions/node_modules/coc-tsserver-331aabf5-664a-48ba-9355-564fee653a24/node_modules/which',
205 silly reify   '/home/estedev/vim-portable/.config/coc/extensions/node_modules/coc-tsserver-331aabf5-664a-48ba-9355-564fee653a24/node_modules/.bin/node-which'
205 silly reify ]
206 silly reify mark deleted [
206 silly reify   '/home/estedev/vim-portable/.config/coc/extensions/node_modules/coc-tsserver-331aabf5-664a-48ba-9355-564fee653a24/node_modules/@esbuild/aix-ppc64'
206 silly reify ]
207 silly reify mark deleted [
207 silly reify   '/home/estedev/vim-portable/.config/coc/extensions/node_modules/coc-tsserver-331aabf5-664a-48ba-9355-564fee653a24/node_modules/@esbuild/android-arm'
207 silly reify ]
208 silly reify mark deleted [
208 silly reify   '/home/estedev/vim-portable/.config/coc/extensions/node_modules/coc-tsserver-331aabf5-664a-48ba-9355-564fee653a24/node_modules/@esbuild/android-arm64'
208 silly reify ]
209 silly reify mark deleted [
209 silly reify   '/home/estedev/vim-portable/.config/coc/extensions/node_modules/coc-tsserver-331aabf5-664a-48ba-9355-564fee653a24/node_modules/@esbuild/android-x64'
209 silly reify ]
210 silly reify mark deleted [
210 silly reify   '/home/estedev/vim-portable/.config/coc/extensions/node_modules/coc-tsserver-331aabf5-664a-48ba-9355-564fee653a24/node_modules/@esbuild/darwin-arm64'
210 silly reify ]
211 silly reify mark deleted [
211 silly reify   '/home/estedev/vim-portable/.config/coc/extensions/node_modules/coc-tsserver-331aabf5-664a-48ba-9355-564fee653a24/node_modules/@esbuild/darwin-x64'
211 silly reify ]
212 silly reify mark deleted [
212 silly reify   '/home/estedev/vim-portable/.config/coc/extensions/node_modules/coc-tsserver-331aabf5-664a-48ba-9355-564fee653a24/node_modules/@esbuild/freebsd-arm64'
212 silly reify ]
213 silly reify mark deleted [
213 silly reify   '/home/estedev/vim-portable/.config/coc/extensions/node_modules/coc-tsserver-331aabf5-664a-48ba-9355-564fee653a24/node_modules/@esbuild/freebsd-x64'
213 silly reify ]
214 silly reify mark deleted [
214 silly reify   '/home/estedev/vim-portable/.config/coc/extensions/node_modules/coc-tsserver-331aabf5-664a-48ba-9355-564fee653a24/node_modules/@esbuild/linux-arm'
214 silly reify ]
215 silly reify mark deleted [
215 silly reify   '/home/estedev/vim-portable/.config/coc/extensions/node_modules/coc-tsserver-331aabf5-664a-48ba-9355-564fee653a24/node_modules/@esbuild/linux-arm64'
215 silly reify ]
216 silly reify mark deleted [
216 silly reify   '/home/estedev/vim-portable/.config/coc/extensions/node_modules/coc-tsserver-331aabf5-664a-48ba-9355-564fee653a24/node_modules/@esbuild/linux-ia32'
216 silly reify ]
217 silly reify mark deleted [
217 silly reify   '/home/estedev/vim-portable/.config/coc/extensions/node_modules/coc-tsserver-331aabf5-664a-48ba-9355-564fee653a24/node_modules/@esbuild/linux-loong64'
217 silly reify ]
218 silly reify mark deleted [
218 silly reify   '/home/estedev/vim-portable/.config/coc/extensions/node_modules/coc-tsserver-331aabf5-664a-48ba-9355-564fee653a24/node_modules/@esbuild/linux-mips64el'
218 silly reify ]
219 silly reify mark deleted [
219 silly reify   '/home/estedev/vim-portable/.config/coc/extensions/node_modules/coc-tsserver-331aabf5-664a-48ba-9355-564fee653a24/node_modules/@esbuild/linux-ppc64'
219 silly reify ]
220 silly reify mark deleted [
220 silly reify   '/home/estedev/vim-portable/.config/coc/extensions/node_modules/coc-tsserver-331aabf5-664a-48ba-9355-564fee653a24/node_modules/@esbuild/linux-riscv64'
220 silly reify ]
221 silly reify mark deleted [
221 silly reify   '/home/estedev/vim-portable/.config/coc/extensions/node_modules/coc-tsserver-331aabf5-664a-48ba-9355-564fee653a24/node_modules/@esbuild/linux-s390x'
221 silly reify ]
222 silly reify mark deleted [
222 silly reify   '/home/estedev/vim-portable/.config/coc/extensions/node_modules/coc-tsserver-331aabf5-664a-48ba-9355-564fee653a24/node_modules/@esbuild/linux-x64'
222 silly reify ]
223 silly reify mark deleted [
223 silly reify   '/home/estedev/vim-portable/.config/coc/extensions/node_modules/coc-tsserver-331aabf5-664a-48ba-9355-564fee653a24/node_modules/@esbuild/netbsd-arm64'
223 silly reify ]
224 silly reify mark deleted [
224 silly reify   '/home/estedev/vim-portable/.config/coc/extensions/node_modules/coc-tsserver-331aabf5-664a-48ba-9355-564fee653a24/node_modules/@esbuild/netbsd-x64'
224 silly reify ]
225 silly reify mark deleted [
225 silly reify   '/home/estedev/vim-portable/.config/coc/extensions/node_modules/coc-tsserver-331aabf5-664a-48ba-9355-564fee653a24/node_modules/@esbuild/openbsd-arm64'
225 silly reify ]
226 silly reify mark deleted [
226 silly reify   '/home/estedev/vim-portable/.config/coc/extensions/node_modules/coc-tsserver-331aabf5-664a-48ba-9355-564fee653a24/node_modules/@esbuild/openbsd-x64'
226 silly reify ]
227 silly reify mark deleted [
227 silly reify   '/home/estedev/vim-portable/.config/coc/extensions/node_modules/coc-tsserver-331aabf5-664a-48ba-9355-564fee653a24/node_modules/@esbuild/openharmony-arm64'
227 silly reify ]
228 silly reify mark deleted [
228 silly reify   '/home/estedev/vim-portable/.config/coc/extensions/node_modules/coc-tsserver-331aabf5-664a-48ba-9355-564fee653a24/node_modules/@esbuild/sunos-x64'
228 silly reify ]
229 silly reify mark deleted [
229 silly reify   '/home/estedev/vim-portable/.config/coc/extensions/node_modules/coc-tsserver-331aabf5-664a-48ba-9355-564fee653a24/node_modules/@esbuild/win32-arm64'
229 silly reify ]
230 silly reify mark deleted [
230 silly reify   '/home/estedev/vim-portable/.config/coc/extensions/node_modules/coc-tsserver-331aabf5-664a-48ba-9355-564fee653a24/node_modules/@esbuild/win32-ia32'
230 silly reify ]
231 silly reify mark deleted [
231 silly reify   '/home/estedev/vim-portable/.config/coc/extensions/node_modules/coc-tsserver-331aabf5-664a-48ba-9355-564fee653a24/node_modules/@esbuild/win32-x64'
231 silly reify ]
232 silly reify mark deleted [
232 silly reify   '/home/estedev/vim-portable/.config/coc/extensions/node_modules/coc-tsserver-331aabf5-664a-48ba-9355-564fee653a24/node_modules/ansi-regex'
232 silly reify ]
233 silly reify mark deleted [
233 silly reify   '/home/estedev/vim-portable/.config/coc/extensions/node_modules/coc-tsserver-331aabf5-664a-48ba-9355-564fee653a24/node_modules/vscode-jsonrpc'
233 silly reify ]
234 silly reify mark deleted [
234 silly reify   '/home/estedev/vim-portable/.config/coc/extensions/node_modules/coc-tsserver-331aabf5-664a-48ba-9355-564fee653a24/node_modules/vscode-languageserver-types'
234 silly reify ]
235 silly reify mark deleted [
235 silly reify   '/home/estedev/vim-portable/.config/coc/extensions/node_modules/coc-tsserver-331aabf5-664a-48ba-9355-564fee653a24/node_modules/isexe'
235 silly reify ]
236 timing reify:trashOmits Completed in 4ms
237 timing reify:loadBundles Completed in 0ms
238 silly audit bulk request { typescript: [ '5.9.3' ] }
239 silly tarball no local data for typescript@https://registry.npmjs.org/typescript/-/typescript-5.9.3.tgz. Extracting by manifest.
240 http fetch POST 200 https://registry.npmjs.org/-/npm/v1/security/advisories/bulk 172ms
241 timing auditReport:getReport Completed in 173ms
242 silly audit report {}
243 timing auditReport:init Completed in 0ms
244 timing reify:audit Completed in 173ms
245 http fetch GET 200 https://registry.npmjs.org/typescript/-/typescript-5.9.3.tgz 222ms (cache miss)
246 timing reifyNode:node_modules/typescript Completed in 226ms
247 timing reify:unpack Completed in 227ms
248 timing reify:unretire Completed in 0ms
249 timing build:queue Completed in 1ms
250 timing build:link:node_modules/typescript Completed in 2ms
251 timing build:link Completed in 2ms
252 timing build:deps Completed in 3ms
253 timing build Completed in 3ms
254 timing reify:build Completed in 3ms
255 timing reify:trash Completed in 2ms
256 timing reify:save Completed in 0ms
257 timing reify Completed in 1767ms
258 silly ADD
259 silly ADD
260 silly ADD
261 silly ADD
262 silly ADD
263 silly ADD
264 silly ADD
265 silly ADD
266 silly ADD
267 silly ADD
268 silly ADD
269 silly ADD
270 silly ADD
271 silly ADD
272 silly ADD
273 silly ADD
274 silly ADD
275 silly ADD
276 silly ADD
277 silly ADD
278 silly ADD
279 silly ADD
280 silly ADD
281 silly ADD
282 silly ADD
283 silly ADD
284 silly ADD
285 silly ADD
286 silly ADD
287 silly ADD
288 silly ADD
289 silly ADD
290 silly ADD node_modules/typescript
291 silly ADD
292 silly ADD
293 silly ADD
294 silly ADD
295 silly ADD
296 timing command:install Completed in 1772ms
297 verbose exit 0
298 timing npm Completed in 1801ms
299 info ok
